npm error code EUSAGE
npm error
npm error `npm ci` can only install packages when your package.json and package-lock.json or npm-shrinkwrap.json are in sync. Please update your lock file with `npm install` before continuing.
npm error
npm error Missing: @aws-sdk/credential-provider-node@3.972.84 from lock file
npm error Missing: @smithy/signature-v4@5.7.4 from lock file
npm error Missing: @smithy/hash-node@4.5.2 from lock file
npm error Missing: @azure/core-rest-pipeline@1.25.0 from lock file
npm error Missing: @azure/core-client@1.11.1 from lock file
npm error Missing: graphql@17.0.2 from lock file
npm error Missing: @emnapi/runtime@1.11.3 from lock file
npm error Missing: @emnapi/core@1.11.3 from lock file
npm error Missing: @redis/client@5.12.1 from lock file
npm error Missing: @cfworker/json-schema@4.1.1 from lock file
npm error Missing: pg@8.23.1 from lock file
npm error Missing: playwright-extra@4.3.6 from lock file
npm error
npm error Clean install a project
npm error
npm error Usage:
npm error npm ci
npm error
npm error Options:
npm error [--install-strategy <hoisted|nested|shallow|linked>] [--legacy-bundling]
npm error [--global-style] [--omit <dev|optional|peer> [--omit <dev|optional|peer> ...]]
npm error [--include <prod|dev|optional|peer> [--include <prod|dev|optional|peer> ...]]
npm error [--strict-peer-deps] [--foreground-scripts] [--ignore-scripts]
npm error [--allow-git <all|none|root>] [--no-audit] [--no-bin-links] [--no-fund]
npm error [--dry-run]
npm error [-w|--workspace <workspace-name> [-w|--workspace <workspace-name> ...]]
npm error [--workspaces] [--include-workspace-root] [--install-links]
npm error
npm error aliases: clean-install, ic, install-clean, isntall-clean
npm error
npm error Run "npm help ci" for more info
npm notice
npm notice New major version of npm available! 11.9.0 -> 12.2.0
npm notice Changelog: https://github.com/npm/cli/releases/tag/v12.2.0
npm notice To update run: npm install -g npm@12.2.0
npm notice
npm error A complete log of this run can be found in: /workspace/wasl-release-audit-20261006/npm-cache/_logs/2026-10-06T16_53_08_905Z-debug-0.log
