Local synthetic SQL checks — 2026-10-05T21:53:26.942711+00:00
base SHA: e169d0f978104926632597fdd4d5f3d56232c932
database: wasl-contextual-joud-db (ownership label verified; loopback isolated stack)
All fixtures use BEGIN/ROLLBACK; no paid calls, external DB, or user data.

$ docker exec -i wasl-contextual-joud-db psql -U postgres -v ON_ERROR_STOP=1 < tests/recommendations/ledger.sql
BEGIN
INSERT 0 4
INSERT 0 1
INSERT 0 1
INSERT 0 3
INSERT 0 1
DO
ROLLBACK
NOTICE:  PASS: recommendation ledger leases, idempotency, cooldown, expired retry, usage whitelist and enforced privileges
exit=0

$ docker exec -i wasl-contextual-joud-db psql -U postgres -v ON_ERROR_STOP=1 < tests/recommendations/budget-ledger.sql
BEGIN
INSERT 0 2
INSERT 0 2
INSERT 0 2
INSERT 0 2
INSERT 0 3
INSERT 0 1
DO
ROLLBACK
NOTICE:  PASS: global USD5 cap, .15/.35 hardcaps, cross-org limit, immutable retry, no midnight/deletion reset, enforced private RPC/table privileges
exit=0

$ docker exec -i wasl-contextual-joud-db psql -U postgres -v ON_ERROR_STOP=1 < tests/recommendations/receipts.sql
BEGIN
INSERT 0 2
INSERT 0 1
INSERT 0 1
INSERT 0 1
INSERT 0 1
SET
SET
INSERT 0 1
RESET
UPDATE 1
SET
INSERT 0 1
DO
RESET
DO
SET
SET
DO
RESET
ROLLBACK
NOTICE:  PASS: authenticated forged past/future receipt overridden, immutable update, RLS current participant, trusted segment cut
exit=0

$ docker exec -i wasl-contextual-joud-db psql -U postgres -v ON_ERROR_STOP=1 < tests/recommendations/assignment-clock.sql
BEGIN
INSERT 0 2
INSERT 0 1
INSERT 0 1
INSERT 0 1
INSERT 0 1
INSERT 0 1
UPDATE 1
DO
ROLLBACK
NOTICE:  PASS: assignment uses trusted current clock, excludes old receipt in same transaction, ignores timestamp-only mutation
exit=0
